Microchip MPLAB XC8 Compiler V2.41

Linker command line:

-W-3 \
  --edf=C:/Program Files/Microchip/MPLABX/v6.10/packs/Microchip/PIC18Fxxxx_DFP/1.4.151/xc8\pic\dat\20230323171731_en.msgs \
  -cn -h+dist/default/debug\Automated_Door_Lock.X.debug.sym \
  --cmf=dist/default/debug\Automated_Door_Lock.X.debug.cmf -z -Q18F4620 \
  -oC:\Users\LENOVO\AppData\Local\Temp\xcAs11g.\driver_tmp_3.o \
  --defsym=__MPLAB_BUILD=1 --fixupoverflow=error \
  -Mdist/default/debug/Automated_Door_Lock.X.debug.map \
  --md=C:\Users\LENOVO\AppData\Local\Temp\xcAs11g.\driver_tmp_0.dat -E1 \
  -ver=XC8 Compiler --acfsm=1493 -ACODE=00h-0FFFFh -ACONST=00h-0FFFFh \
  -ASMALLCONST=01000h-010FFhx240 -AMEDIUMCONST=01000h-0FFFFh \
  -ACOMRAM=01h-07Fh -AABS1=00h-0F7Fh -ABIGRAM=01h-0F7Fh \
  -ARAM=080h-0FFh,0100h-01FFhx14,0F00h-0F7Fh -ABANK0=080h-0FFh \
  -ABANK1=0100h-01FFh -ABANK2=0200h-02FFh -ABANK3=0300h-03FFh \
  -ABANK4=0400h-04FFh -ABANK5=0500h-05FFh -ABANK6=0600h-06FFh \
  -ABANK7=0700h-07FFh -ABANK8=0800h-08FFh -ABANK9=0900h-09FFh \
  -ABANK10=0A00h-0AFFh -ABANK11=0B00h-0BFFh -ABANK12=0C00h-0CFFh \
  -ABANK13=0D00h-0DFFh -ABANK14=0E00h-0EFFh -ABANK15=0F00h-0F7Fh \
  -ASFR=0F80h-0FFFh -ABIGSFR=0F80h-0FFFh -ACONFIG=0300000h-030000Dh \
  -AIDLOC=0200000h-0200007h -AEEDATA=0F00000h-0F003FFh -peeprom_data=EEDATA \
  -preset_vec=00h,intcode,intcodelo,powerup,init -pramtop=01000h \
  -psmallconst=SMALLCONST -pmediumconst=MEDIUMCONST -pconst=CONST \
  -AFARRAM=00h-00h \
  -prdata=COMRAM,nvrram=COMRAM,nvbit=COMRAM,rbss=COMRAM,rbit=COMRAM \
  -pfarbss=FARRAM,fardata=FARRAM,nvFARRAM=FARRAM \
  -pintsave_regs=BIGRAM,bigbss=BIGRAM,bigdata=BIGRAM -pbss=RAM \
  -pidata=CODE,irdata=CODE,ibigdata=CODE,ifardata=CODE -prparam=COMRAM \
  C:\Users\LENOVO\AppData\Local\Temp\xcAs11g.\driver_tmp_9.o \
  dist/default/debug\Automated_Door_Lock.X.debug.o 

Object code version is 3.11

Machine type is 18F4620



                Name                               Link     Load   Length Selector   Space Scale
C:\Users\LENOVO\AppData\Local\Temp\xcAs11g.\driver_tmp_9.o
                config                           300000   300000        E        0       4
                init                                  0        0        4        0       0
dist/default/debug\Automated_Door_Lock.X.debug.o
                config                           300000   300000        E        0       4
                smallconst                         1000     1000       68      800       0
                text23                             1F44     1F44       26      FA2       0
                text22                             12C4     12C4      144      834       0
                text21                             1408     1408      12C      834       0
                text20                             1CAC     1CAC       6C      834       0
                text19                             1E9A     1E9A       3E      834       0
                text18                             1A6C     1A6C       78      834       0
                text17                             1D76     1D76       50      834       0
                text16                             19E4     19E4       88      834       0
                text15                             1BCA     1BCA       72      834       0
                text14                             1534     1534      124      834       0
                text13                             195C     195C       88      834       0
                text12                             1DC6     1DC6       48      834       0
                text11                             1F6A     1F6A        8      FA2       0
                text10                             1E54     1E54       46      834       0
                text9                              1818     1818       B8      834       0
                text8                              1658     1658      102      834       0
                text7                              1C3C     1C3C       70      834       0
                text6                              1B58     1B58       72      834       0
                text5                              175A     175A       BE      834       0
                text4                              1E0E     1E0E       46      834       0
                text3                              1D18     1D18       5E      834       0
                text2                              1AE4     1AE4       74      834       0
                text1                              18D0     18D0       8C      834       0
                text0                              1068     1068      25C      834       0
                cstackCOMRAM                         36       36       22        1       1
                dataCOMRAM                            1        1       35        1       1
                bssCOMRAM                            58       58        9        1       1
                cinit                              1ED8     1ED8       36      834       0
                idataCOMRAM                        1F0E     1F0E       35      834       0

TOTAL           Name                               Link     Load   Length     Space
        CLASS   CODE           
                init                                  0        0        4         0
                text23                             1F44     1F44       26         0
                text22                             12C4     12C4      144         0
                text21                             1408     1408      12C         0
                text20                             1CAC     1CAC       6C         0
                text19                             1E9A     1E9A       3E         0
                text18                             1A6C     1A6C       78         0
                text17                             1D76     1D76       50         0
                text16                             19E4     19E4       88         0
                text15                             1BCA     1BCA       72         0
                text14                             1534     1534      124         0
                text13                             195C     195C       88         0
                text12                             1DC6     1DC6       48         0
                text11                             1F6A     1F6A        8         0
                text10                             1E54     1E54       46         0
                text9                              1818     1818       B8         0
                text8                              1658     1658      102         0
                text7                              1C3C     1C3C       70         0
                text6                              1B58     1B58       72         0
                text5                              175A     175A       BE         0
                text4                              1E0E     1E0E       46         0
                text3                              1D18     1D18       5E         0
                text2                              1AE4     1AE4       74         0
                text1                              18D0     18D0       8C         0
                text0                              1068     1068      25C         0
                cinit                              1ED8     1ED8       36         0
                idataCOMRAM                        1F0E     1F0E       35         0

        CLASS   CONST          

        CLASS   SMALLCONST     
                smallconst                         1000     1000       68         0

        CLASS   MEDIUMCONST    

        CLASS   COMRAM         
                cstackCOMRAM                         36       36       22         1
                dataCOMRAM                            1        1       35         1
                bssCOMRAM                            58       58        9         1

        CLASS   ABS1           

        CLASS   BIGRAM         

        CLASS   RAM            

        CLASS   BANK0          

        CLASS   BANK1          

        CLASS   BANK2          

        CLASS   BANK3          

        CLASS   BANK4          

        CLASS   BANK5          

        CLASS   BANK6          

        CLASS   BANK7          

        CLASS   BANK8          

        CLASS   BANK9          

        CLASS   BANK10         

        CLASS   BANK11         

        CLASS   BANK12         

        CLASS   BANK13         

        CLASS   BANK14         

        CLASS   BANK15         

        CLASS   SFR            

        CLASS   BIGSFR         

        CLASS   CONFIG         
                config                           300000   300000        E         4

        CLASS   IDLOC          

        CLASS   EEDATA         

        CLASS   FARRAM         

        CLASS   HEAP           

        CLASS   STACK          



SEGMENTS        Name                           Load    Length   Top    Selector   Space  Class

                reset_vec                      000000  000004  000004         0       0  CODE    
                dataCOMRAM                     000001  000060  000061         1       1  COMRAM  
                smallconst                     001000  000068  001068       800       0  SMALLCON
                text0                          001068  000EDB  001F43       834       0  CODE    
                text23                         001F44  00002E  001F72       FA2       0  CODE    


UNUSED ADDRESS RANGES

        Name                Unused          Largest block    Delta
        BANK0            000080-0000FF               80
        BANK1            000100-0001FF              100
        BANK10           000A00-000AFF              100
        BANK11           000B00-000BFF              100
        BANK12           000C00-000CFF              100
        BANK13           000D00-000DFF              100
        BANK14           000E00-000EFF              100
        BANK15           000F00-000F7F               80
        BANK2            000200-0002FF              100
        BANK3            000300-0003FF              100
        BANK4            000400-0004FF              100
        BANK5            000500-0005FF              100
        BANK6            000600-0006FF              100
        BANK7            000700-0007FF              100
        BANK8            000800-0008FF              100
        BANK9            000900-0009FF              100
        BIGRAM           000061-000F7F              F1F
        BIGSFR           000F80-000FFF               80
        CODE             000004-000FFF              FFC
                         001F43-001F43                1
                         001F72-00FFFF             E08E
        COMRAM           000061-00007F               1F
        CONST            000004-000FFF              FFC
                         001F43-001F43                1
                         001F72-00FFFF             E08E
        EEDATA           F00000-F003FF              400
        IDLOC            200000-200007                8
        MEDIUMCONST      001F43-001F43                1
                         001F72-00FFFF             E08E
        RAM              000080-000F7F              100
        SFR              000F80-000FFF               80
        SMALLCONST       001F43-001F43                1
                         001F72-00FFFF              100

                                  Symbol Table

?___wmul                                 cstackCOMRAM 000036
_LATA                                    (abs)        000F89
_LATB                                    (abs)        000F8A
_LATC                                    (abs)        000F8B
_LATD                                    (abs)        000F8C
_LATE                                    (abs)        000F8D
_PORTA                                   (abs)        000F80
_PORTB                                   (abs)        000F81
_PORTC                                   (abs)        000F82
_PORTD                                   (abs)        000F83
_PORTE                                   (abs)        000F84
_TRISA                                   (abs)        000F92
_TRISB                                   (abs)        000F93
_TRISC                                   (abs)        000F94
_TRISD                                   (abs)        000F95
_TRISE                                   (abs)        000F96
__HRAM                                   (abs)        000000
__H__absolute__                          __absolute__ 000000
__Habs1                                  abs1         000000
__Hbank0                                 bank0        000000
__Hbank1                                 bank1        000000
__Hbank10                                bank10       000000
__Hbank11                                bank11       000000
__Hbank12                                bank12       000000
__Hbank13                                bank13       000000
__Hbank14                                bank14       000000
__Hbank15                                bank15       000000
__Hbank2                                 bank2        000000
__Hbank3                                 bank3        000000
__Hbank4                                 bank4        000000
__Hbank5                                 bank5        000000
__Hbank6                                 bank6        000000
__Hbank7                                 bank7        000000
__Hbank8                                 bank8        000000
__Hbank9                                 bank9        000000
__Hbigbss                                bigbss       000000
__Hbigdata                               bigdata      000000
__Hbigram                                bigram       000000
__Hbigsfr                                bigsfr       000000
__Hbss                                   bss          000000
__HbssCOMRAM                             bssCOMRAM    000000
__Hcinit                                 cinit        000000
__Hclrtext                               clrtext      000000
__Hcomram                                comram       000000
__Hconfig                                config       30000E
__Hconst                                 const        000000
__HcstackCOMRAM                          cstackCOMRAM 000000
__Hdata                                  data         000000
__HdataCOMRAM                            dataCOMRAM   000000
__Heeprom_data                           eeprom_data  000000
__Hfarbss                                farbss       000000
__Hfardata                               fardata      000000
__Hheap                                  heap         000000
__Hibigdata                              ibigdata     000000
__Hidata                                 idata        000000
__HidataCOMRAM                           idataCOMRAM  000000
__Hidloc                                 idloc        000000
__Hifardata                              ifardata     000000
__Hinit                                  init         000004
__Hintcode                               intcode      000000
__Hintcode_body                          intcode_body 000000
__Hintcodelo                             intcodelo    000000
__Hintentry                              intentry     000000
__Hintret                                intret       000000
__Hintsave_regs                          intsave_regs 000000
__Hirdata                                irdata       000000
__Hmediumconst                           mediumconst  000000
__HnvFARRAM                              nvFARRAM     000000
__Hnvbit                                 nvbit        000000
__Hnvrram                                nvrram       000000
__Hparam                                 rparam       000000
__Hpowerup                               powerup      000000
__Hram                                   ram          000000
__Hramtop                                ramtop       001000
__Hrbit                                  rbit         000000
__Hrbss                                  rbss         000000
__Hrdata                                 rdata        000000
__Hreset_vec                             reset_vec    000000
__Hrparam                                rparam       000000
__Hsfr                                   sfr          000000
__Hsmallconst                            smallconst   001068
__Hspace_0                               (abs)        001F72
__Hspace_1                               (abs)        000061
__Hspace_2                               (abs)        000000
__Hspace_4                               (abs)        60000E
__Hstack                                 stack        000000
__Hstruct                                struct       000000
__Htemp                                  temp         000000
__Htext                                  text         000000
__Htext0                                 text0        000000
__Htext1                                 text1        000000
__Htext10                                text10       000000
__Htext11                                text11       000000
__Htext12                                text12       000000
__Htext13                                text13       000000
__Htext14                                text14       000000
__Htext15                                text15       000000
__Htext16                                text16       000000
__Htext17                                text17       000000
__Htext18                                text18       000000
__Htext19                                text19       000000
__Htext2                                 text2        000000
__Htext20                                text20       000000
__Htext21                                text21       000000
__Htext22                                text22       000000
__Htext23                                text23       000000
__Htext3                                 text3        000000
__Htext4                                 text4        000000
__Htext5                                 text5        000000
__Htext6                                 text6        000000
__Htext7                                 text7        000000
__Htext8                                 text8        000000
__Htext9                                 text9        000000
__LRAM                                   (abs)        000001
__L__absolute__                          __absolute__ 000000
__Labs1                                  abs1         000000
__Lbank0                                 bank0        000000
__Lbank1                                 bank1        000000
__Lbank10                                bank10       000000
__Lbank11                                bank11       000000
__Lbank12                                bank12       000000
__Lbank13                                bank13       000000
__Lbank14                                bank14       000000
__Lbank15                                bank15       000000
__Lbank2                                 bank2        000000
__Lbank3                                 bank3        000000
__Lbank4                                 bank4        000000
__Lbank5                                 bank5        000000
__Lbank6                                 bank6        000000
__Lbank7                                 bank7        000000
__Lbank8                                 bank8        000000
__Lbank9                                 bank9        000000
__Lbigbss                                bigbss       000000
__Lbigdata                               bigdata      000000
__Lbigram                                bigram       000000
__Lbigsfr                                bigsfr       000000
__Lbss                                   bss          000000
__LbssCOMRAM                             bssCOMRAM    000000
__Lcinit                                 cinit        000000
__Lclrtext                               clrtext      000000
__Lcomram                                comram       000000
__Lconfig                                config       000000
__Lconst                                 const        000000
__LcstackCOMRAM                          cstackCOMRAM 000000
__Ldata                                  data         000000
__LdataCOMRAM                            dataCOMRAM   000000
__Leeprom_data                           eeprom_data  000000
__Lfarbss                                farbss       000000
__Lfardata                               fardata      000000
__Lheap                                  heap         000000
__Libigdata                              ibigdata     000000
__Lidata                                 idata        000000
__LidataCOMRAM                           idataCOMRAM  000000
__Lidloc                                 idloc        000000
__Lifardata                              ifardata     000000
__Linit                                  init         000000
__Lintcode                               intcode      000000
__Lintcode_body                          intcode_body 000000
__Lintcodelo                             intcodelo    000000
__Lintentry                              intentry     000000
__Lintret                                intret       000000
__Lintsave_regs                          intsave_regs 000000
__Lirdata                                irdata       000000
__Lmediumconst                           mediumconst  000000
__LnvFARRAM                              nvFARRAM     000000
__Lnvbit                                 nvbit        000000
__Lnvrram                                nvrram       000000
__Lparam                                 rparam       000000
__Lpowerup                               powerup      000000
__Lram                                   ram          000000
__Lramtop                                ramtop       001000
__Lrbit                                  rbit         000000
__Lrbss                                  rbss         000000
__Lrdata                                 rdata        000000
__Lreset_vec                             reset_vec    000000
__Lrparam                                rparam       000000
__Lsfr                                   sfr          000000
__Lsmallconst                            smallconst   001000
__Lspace_0                               (abs)        000000
__Lspace_1                               (abs)        000000
__Lspace_2                               (abs)        000000
__Lspace_4                               (abs)        000000
__Lstack                                 stack        000000
__Lstruct                                struct       000000
__Ltemp                                  temp         000000
__Ltext                                  text         000000
__Ltext0                                 text0        000000
__Ltext1                                 text1        000000
__Ltext10                                text10       000000
__Ltext11                                text11       000000
__Ltext12                                text12       000000
__Ltext13                                text13       000000
__Ltext14                                text14       000000
__Ltext15                                text15       000000
__Ltext16                                text16       000000
__Ltext17                                text17       000000
__Ltext18                                text18       000000
__Ltext19                                text19       000000
__Ltext2                                 text2        000000
__Ltext20                                text20       000000
__Ltext21                                text21       000000
__Ltext22                                text22       000000
__Ltext23                                text23       000000
__Ltext3                                 text3        000000
__Ltext4                                 text4        000000
__Ltext5                                 text5        000000
__Ltext6                                 text6        000000
__Ltext7                                 text7        000000
__Ltext8                                 text8        000000
__Ltext9                                 text9        000000
__S0                                     (abs)        001F72
__S1                                     (abs)        000061
__S4                                     (abs)        000000
__S5                                     (abs)        000000
___heap_hi                               (abs)        000000
___heap_lo                               (abs)        000000
___inthi_sp                              stack        000000
___intlo_sp                              stack        000000
___param_bank                            (abs)        000000
___rparam_used                           (abs)        000001
___sp                                    stack        000000
___wmul                                  text23       001F44
___wmul@multiplicand                     cstackCOMRAM 000038
___wmul@multiplier                       cstackCOMRAM 000036
___wmul@product                          cstackCOMRAM 00003A
__accesstop                              (abs)        000080
__activetblptr                           (abs)        000002
__end_of___wmul                          text23       001F6A
__end_of__initialization                 cinit        001F04
__end_of_app_intialize                   text11       001F72
__end_of_btn_values                      smallconst   00100D
__end_of_dc_motor_initialize             text19       001ED8
__end_of_dc_motor_move_right             text10       001E9A
__end_of_ecu_layer_initialize            text12       001E0E
__end_of_gpio_pin_direction_initialize   text22       001408
__end_of_gpio_pin_initialize             text20       001D18
__end_of_gpio_pin_read_logic             text9        0018D0
__end_of_gpio_pin_write_logic            text21       001534
__end_of_keypad_get_value                text8        00175A
__end_of_keypad_initialize               text18       001AE4
__end_of_keypad_read_value               text7        001CAC
__end_of_lcd_4bit_initialize             text14       001658
__end_of_lcd_4bit_send_char_data         text6        001BCA
__end_of_lcd_4bit_send_command           text15       001C3C
__end_of_lcd_4bit_send_data_pos          text4        001E54
__end_of_lcd_4bit_send_enable            text17       001DC6
__end_of_lcd_4bit_send_string            text3        001D76
__end_of_lcd_4bit_send_string_pos        text2        001B58
__end_of_lcd_4bit_set_cursor             text5        001818
__end_of_lcd_send_4bits                  text16       001A6C
__end_of_led_initialize                  text13       0019E4
__end_of_led_turn_on                     text1        00195C
__end_of_main                            text0        0012C4
__initialization                         cinit        001ED8
__mediumconst                            mediumconst  000000
__pbssCOMRAM                             bssCOMRAM    000058
__pcinit                                 cinit        001ED8
__pcstackCOMRAM                          cstackCOMRAM 000036
__pdataCOMRAM                            dataCOMRAM   000001
__pidataCOMRAM                           idataCOMRAM  001F0E
__psmallconst                            smallconst   001000
__ptext0                                 text0        001068
__ptext1                                 text1        0018D0
__ptext10                                text10       001E54
__ptext11                                text11       001F6A
__ptext12                                text12       001DC6
__ptext13                                text13       00195C
__ptext14                                text14       001534
__ptext15                                text15       001BCA
__ptext16                                text16       0019E4
__ptext17                                text17       001D76
__ptext18                                text18       001A6C
__ptext19                                text19       001E9A
__ptext2                                 text2        001AE4
__ptext20                                text20       001CAC
__ptext21                                text21       001408
__ptext22                                text22       0012C4
__ptext23                                text23       001F44
__ptext3                                 text3        001D18
__ptext4                                 text4        001E0E
__ptext5                                 text5        00175A
__ptext6                                 text6        001B58
__ptext7                                 text7        001C3C
__ptext8                                 text8        001658
__ptext9                                 text9        001818
__ramtop                                 ramtop       001000
__smallconst                             smallconst   001000
_app_intialize                           text11       001F6A
_btn_values                              smallconst   001001
_clicked                                 bssCOMRAM    00005C
_count                                   bssCOMRAM    00005B
_dc_motor_initialize                     text19       001E9A
_dc_motor_move_right                     text10       001E54
_ecu_layer_initialize                    text12       001DC6
_enterValue                              bssCOMRAM    00005A
_enteredPassword                         bssCOMRAM    000058
_gpio_pin_direction_initialize           text22       0012C4
_gpio_pin_initialize                     text20       001CAC
_gpio_pin_read_logic                     text9        001818
_gpio_pin_write_logic                    text21       001408
_index                                   dataCOMRAM   000021
_keypad                                  dataCOMRAM   000023
_keypad_get_value                        text8        001658
_keypad_initialize                       text18       001A6C
_keypad_read_value                       text7        001C3C
_lat_register                            dataCOMRAM   00000B
_lcd                                     dataCOMRAM   00002A
_lcd_4bit_initialize                     text14       001534
_lcd_4bit_send_char_data                 text6        001B58
_lcd_4bit_send_command                   text15       001BCA
_lcd_4bit_send_data_pos                  text4        001E0E
_lcd_4bit_send_enable                    text17       001D76
_lcd_4bit_send_string                    text3        001D18
_lcd_4bit_send_string_pos                text2        001AE4
_lcd_4bit_set_cursor                     text5        00175A
_lcd_send_4bits                          text16       0019E4
_led_green                               dataCOMRAM   000034
_led_initialize                          text13       00195C
_led_red                                 dataCOMRAM   000032
_led_turn_on                             text1        0018D0
_main                                    text0        001068
_motor                                   dataCOMRAM   000030
_password                                dataCOMRAM   00001F
_port_register                           dataCOMRAM   000001
_ret                                     dataCOMRAM   000022
_tris_register                           dataCOMRAM   000015
dc_motor_initialize@motor                cstackCOMRAM 000044
dc_motor_initialize@ret                  cstackCOMRAM 000046
dc_motor_move_right@motor                cstackCOMRAM 000040
dc_motor_move_right@ret                  cstackCOMRAM 000042
end_of_initialization                    cinit        001F04
gpio_pin_direction_initialize@pin_config cstackCOMRAM 000036
gpio_pin_direction_initialize@ret        cstackCOMRAM 00003E
gpio_pin_initialize@pin_config           cstackCOMRAM 000040
gpio_pin_initialize@ret                  cstackCOMRAM 000043
gpio_pin_read_logic@logic                cstackCOMRAM 000038
gpio_pin_read_logic@pin_config           cstackCOMRAM 000036
gpio_pin_read_logic@ret                  cstackCOMRAM 00003F
gpio_pin_write_logic@logic               cstackCOMRAM 000038
gpio_pin_write_logic@pin_config          cstackCOMRAM 000036
gpio_pin_write_logic@ret                 cstackCOMRAM 00003F
intlevel0                                text         000000
intlevel1                                text         000000
intlevel2                                text         000000
intlevel3                                text         000000
isa$std                                  (abs)        000001
isa$xinst                                (abs)        000000
keypad_get_value@col_counter             cstackCOMRAM 00004A
keypad_get_value@col_logic               cstackCOMRAM 000047
keypad_get_value@keypad                  cstackCOMRAM 000040
keypad_get_value@ret                     cstackCOMRAM 000046
keypad_get_value@row_counter             cstackCOMRAM 000049
keypad_get_value@row_counter2            cstackCOMRAM 000048
keypad_get_value@value                   cstackCOMRAM 000042
keypad_initialize@col_counter            cstackCOMRAM 00004A
keypad_initialize@keypad                 cstackCOMRAM 000044
keypad_initialize@ret                    cstackCOMRAM 000048
keypad_initialize@row_counter            cstackCOMRAM 000049
keypad_read_value@firstVal               cstackCOMRAM 00004D
keypad_read_value@secondVal              cstackCOMRAM 00004E
lcd_4bit_initialize@lcd                  cstackCOMRAM 000048
lcd_4bit_initialize@pin                  cstackCOMRAM 00004C
lcd_4bit_initialize@ret                  cstackCOMRAM 00004D
lcd_4bit_send_char_data@data             cstackCOMRAM 000046
lcd_4bit_send_char_data@lcd              cstackCOMRAM 000044
lcd_4bit_send_char_data@ret              cstackCOMRAM 000047
lcd_4bit_send_command@command            cstackCOMRAM 000046
lcd_4bit_send_command@lcd                cstackCOMRAM 000044
lcd_4bit_send_command@ret                cstackCOMRAM 000047
lcd_4bit_send_data_pos@column            cstackCOMRAM 000052
lcd_4bit_send_data_pos@data              cstackCOMRAM 000053
lcd_4bit_send_data_pos@lcd               cstackCOMRAM 00004F
lcd_4bit_send_data_pos@ret               cstackCOMRAM 000054
lcd_4bit_send_data_pos@row               cstackCOMRAM 000051
lcd_4bit_send_enable@lcd                 cstackCOMRAM 000040
lcd_4bit_send_enable@ret                 cstackCOMRAM 000042
lcd_4bit_send_string@lcd                 cstackCOMRAM 000048
lcd_4bit_send_string@ret                 cstackCOMRAM 00004C
lcd_4bit_send_string@str                 cstackCOMRAM 00004A
lcd_4bit_send_string_pos@column          cstackCOMRAM 000054
lcd_4bit_send_string_pos@lcd             cstackCOMRAM 00004F
lcd_4bit_send_string_pos@ret             cstackCOMRAM 000055
lcd_4bit_send_string_pos@row             cstackCOMRAM 000053
lcd_4bit_send_string_pos@str             cstackCOMRAM 000051
lcd_4bit_set_cursor@column               cstackCOMRAM 00004B
lcd_4bit_set_cursor@lcd                  cstackCOMRAM 000048
lcd_4bit_set_cursor@ret                  cstackCOMRAM 00004E
lcd_4bit_set_cursor@row                  cstackCOMRAM 00004A
lcd_send_4bits@data_command              cstackCOMRAM 000042
lcd_send_4bits@lcd                       cstackCOMRAM 000040
lcd_send_4bits@ret                       cstackCOMRAM 000043
led_initialize@F3048                     bssCOMRAM    000060
led_initialize@led                       cstackCOMRAM 00003F
led_initialize@led_pin                   cstackCOMRAM 000043
led_initialize@ret                       cstackCOMRAM 000042
led_toggle@F3063                         bssCOMRAM    00005D
led_turn_off@F3058                       bssCOMRAM    00005E
led_turn_on@F3053                        bssCOMRAM    00005F
led_turn_on@led                          cstackCOMRAM 000040
led_turn_on@led_pin                      cstackCOMRAM 000044
led_turn_on@ret                          cstackCOMRAM 000043
stackhi                                  (abs)        000000
stacklo                                  (abs)        000000
start                                    init         000000
start_initialization                     cinit        001ED8


MODULE INFORMATION

Module		Function		Class		Link	Load	Size
ECU_Layer/LCD/ecu_lcd.c
		_lcd_4bit_send_command		CODE           	1BCA	0000	114
		_lcd_4bit_send_string_pos		CODE           	1AE4	0000	116
		_lcd_4bit_send_char_data		CODE           	1B58	0000	114
		_lcd_send_4bits		CODE           	19E4	0000	136
		_lcd_4bit_send_enable		CODE           	1D76	0000	80
		_lcd_4bit_set_cursor		CODE           	175A	0000	190
		_lcd_4bit_send_data_pos		CODE           	1E0E	0000	70
		_lcd_4bit_initialize		CODE           	1534	0000	292
		_lcd_4bit_send_string		CODE           	1D18	0000	94

ECU_Layer/LCD/ecu_lcd.c estimated size: 1206

ECU_Layer/DC_Motor/ecu_dc_motor.c
		_dc_motor_initialize		CODE           	1E9A	0000	62
		_dc_motor_move_right		CODE           	1E54	0000	70

ECU_Layer/DC_Motor/ecu_dc_motor.c estimated size: 132

ECU_Layer/Keypad/ecu_keypad.c
		_keypad_get_value		CODE           	1658	0000	258
		_keypad_initialize		CODE           	1A6C	0000	120

ECU_Layer/Keypad/ecu_keypad.c estimated size: 378

shared
		_btn_values    		SMALLCONST     	1001	0000	12
		__initialization		CODE           	1ED8	0000	44

shared estimated size: 56

MCAL_Layer/GPIO/hal_gpio.c
		_gpio_pin_write_logic		CODE           	1408	0000	300
		_gpio_pin_read_logic		CODE           	1818	0000	184
		_gpio_pin_direction_initialize		CODE           	12C4	0000	324
		_gpio_pin_initialize		CODE           	1CAC	0000	108

MCAL_Layer/GPIO/hal_gpio.c estimated size: 916

ECU_Layer/LED/ecu_led.c
		_led_initialize		CODE           	195C	0000	136
		_led_turn_on   		CODE           	18D0	0000	140

ECU_Layer/LED/ecu_led.c estimated size: 276

ECU_Layer/ecu_layer_initialize.c
		_ecu_layer_initialize		CODE           	1DC6	0000	72
		_keypad_read_value		CODE           	1C3C	0000	112

ECU_Layer/ecu_layer_initialize.c estimated size: 184

C:\Program Files\Microchip\xc8\v2.41\pic\sources\c99\common\Umul16.c
		___wmul        		CODE           	1F44	0000	38

C:\Program Files\Microchip\xc8\v2.41\pic\sources\c99\common\Umul16.c estimated size: 38

application.c
		_main          		CODE           	1068	0000	604
		_app_intialize 		CODE           	1F6A	0000	8

application.c estimated size: 612

